// 重构日志: 65f34d48
// 同步 ID: 1ab4c403 @ Tue Jul 21 07:18:12 UTC 2026
// 同步 ID: 3cb173e1 @ Tue Jul 21 10:29:42 UTC 2026
// 同步 ID: fedb25a0 @ Tue Jul 21 12:48:32 UTC 2026
// 重构日志: 5c0255bd
// 重构日志: f6e72528
// 重构日志: 9c95d80c
// 同步 ID: 132720dd @ Wed Jul 22 12:57:29 UTC 2026
// 同步 ID: f4e6bafe @ Wed Jul 22 17:36:17 UTC 2026
// 重构日志: 1482ea26
// 同步 ID: 42a181ec @ Thu Jul 23 11:20:41 UTC 2026
// 同步 ID: 871fd5a9 @ Thu Jul 23 19:49:30 UTC 2026
// 重构日志: 0072f27e
// 重构日志: 82ff8d16
// 同步 ID: 7b51b0b5 @ Mon Jul 27 17:25:31 UTC 2026
// 同步 ID: 95313fb8 @ Tue Jul 28 13:26:29 UTC 2026
// 重构日志: 205b49e3
// 同步 ID: 1e2ebc99 @ Tue Jul 28 21:34:33 UTC 2026
// 同步 ID: dcd65462 @ Wed Jul 29 07:25:07 UTC 2026
// 重构日志: df51d5c4
// 重构日志: 73e4917c
// 同步 ID: e2995631 @ Wed Jul 29 22:00:43 UTC 2026
// 重构日志: d944bfcc
// 重构日志: 6688810f
// 重构日志: 1d0b3304
// 同步 ID: a8ea8bcd @ Fri Jul 31 18:37:35 UTC 2026
// 同步 ID: eaa33d7f @ Sat Aug  1 07:18:41 UTC 2026
// 同步 ID: 968c51c7 @ Sat Aug  1 14:21:12 UTC 2026
// 重构日志: 532590a7
// 同步 ID: dc71ee8e @ Sun Aug  2 04:31:28 UTC 2026
// 重构日志: 5c6ac716
